// Jest Snapshot v1, https://goo.gl/fbAQLP

exports[`works 1`] = `
"const useDeployment = <TData = QueryDeploymentResponse,>({
  request,
  options
}: UseDeploymentQuery<TData>) => {
  return useQuery<QueryDeploymentResponse, Error, TData>(["deploymentQuery", request], () => {
    if (!queryService) throw new Error("Query Service not initialized");
    return queryService.deployment(request);
  }, options);
};"
`;
